// Jest Snapshot v1, https://goo.gl/fbAQLP

exports[`lint snapshot 1`] = `[]`;
